// Jest Snapshot v1, https://goo.gl/fbAQLP

exports[`Form Form snapshot 1`] = `
<form action="/" method="post" class="form"><label for="field" class="label">Upload a CSV-file</label> <input type="file" name="field" id="field" class="field">
  <div class="button-group"><button type="button" class="button">
      Cats
    </button> <button type="button" class="button">
      Dogs
    </button></div>
</form>
`;
